
cheepati.reddy@BLD8CC9331MXK MINGW64 ~/Training/LinuxTraining
$ uname -a
MINGW64_NT-10.0-19045 BLD8CC9331MXK 3.3.4-341.x86_64 2022-02-23 17:44 UTC x86

cheepati.reddy@BLD8CC9331MXK MINGW64 ~/Training/LinuxTraining
$ uname -a
MINGW64_NT-10.0-19045 BLD8CC9331MXK 3.3.4-341.x86_64 2022-02-23 17:44 UTC x86 Msys

cheepati.reddy@BLD8CC9331MXK MINGW64 ~/Training/LinuxTraining
$ uname -a
MINGW64_NT-10.0-19045 BLD8CC9331MXK 3.3.4-341.x86_64 2022-02-23 17:44 UTC x86 Msys

cheepati.reddy@BLD8CC9331MXK MINGW64 ~/Training/LinuxTraining
$ pwd
/c/Users/cheepati.reddy/Training/LinuxTraining

cheepati.reddy@BLD8CC9331MXK MINGW64 ~/Training/LinuxTraining
$ mkdir samples

cheepati.reddy@BLD8CC9331MXK MINGW64 ~/Training/LinuxTraining
$ ls
samples/

cheepati.reddy@BLD8CC9331MXK MINGW64 ~/Training/LinuxTraining
$ mkdir -p samples/trial

cheepati.reddy@BLD8CC9331MXK MINGW64 ~/Training/LinuxTraining
$ ls
samples/

cheepati.reddy@BLD8CC9331MXK MINGW64 ~/Training/LinuxTraining
$ ls -R
.:
samples/

./samples:
trial/

./samples/trial:

cheepati.reddy@BLD8CC9331MXK MINGW64 ~/Training/LinuxTraining
$ mkdir -p training/{angular,java,spring}

cheepati.reddy@BLD8CC9331MXK MINGW64 ~/Training/LinuxTraining
$ ls -R
.:
samples/  training/

./samples:
trial/

./samples/trial:

./training:
angular/  java/  spring/

./training/angular:

./training/java:

./training/spring:

cheepati.reddy@BLD8CC9331MXK MINGW64 ~/Training/LinuxTraining
$ mkdir -p demos/courses

cheepati.reddy@BLD8CC9331MXK MINGW64 ~/Training/LinuxTraining
$ ls -R
.:
demos/  samples/  training/

./demos:
courses/

./demos/courses:

./samples:
trial/

./samples/trial:

./training:
angular/  java/  spring/

./training/angular:

./training/java:

./training/spring:

cheepati.reddy@BLD8CC9331MXK MINGW64 ~/Training/LinuxTraining
$ mkdir "my apps"

cheepati.reddy@BLD8CC9331MXK MINGW64 ~/Training/LinuxTraining
$ ls
 demos/  'my apps'/   samples/   training/

cheepati.reddy@BLD8CC9331MXK MINGW64 ~/Training/LinuxTraining
$ cat>demo1.txt
Hello. Wlcome to Linux

cheepati.reddy@BLD8CC9331MXK MINGW64 ~/Training/LinuxTraining
$ cat demo1.txt
Hello. Wlcome to Linux

cheepati.reddy@BLD8CC9331MXK MINGW64 ~/Training/LinuxTraining
$ cat>>demo1.txt
To append more content
Have a Great Day

cheepati.reddy@BLD8CC9331MXK MINGW64 ~/Training/LinuxTraining
$ cat demo1.txt
Hello. Wlcome to Linux
To append more content
Have a ayGreat Day

cheepati.reddy@BLD8CC9331MXK MINGW64 ~/Training/LinuxTraining
$ cat>demo2.txt
2nd demo file for practice

cheepati.reddy@BLD8CC9331MXK MINGW64 ~/Training/LinuxTraining
$ cat demo2.txt
2nd demo file for practice

cheepati.reddy@BLD8CC9331MXK MINGW64 ~/Training/LinuxTraining
$ cat>>demo2.txt
Appending new into existing file
How are you

cheepati.reddy@BLD8CC9331MXK MINGW64 ~/Training/LinuxTraining
$ cat demo2.txt
2nd demo file for practice
Appending new into existing file
How are you

cheepati.reddy@BLD8CC9331MXK MINGW64 ~/Training/LinuxTraining
$ cat>demo3.txt
3rd file
Good to see you
I'm chitti the robo

cheepati.reddy@BLD8CC9331MXK MINGW64 ~/Training/LinuxTraining
$ cat demo3.txt
3rd file
Good to see you
I'm chitti the robo

cheepati.reddy@BLD8CC9331MXK MINGW64 ~/Training/LinuxTraining
$ cat>>demo3.txt
Hi Sana

cheepati.reddy@BLD8CC9331MXK MINGW64 ~/Training/LinuxTraining
$ cat demo3.txt
3rd file
Good to see you
I'm chitti the robo
Hi Sana

cheepati.reddy@BLD8CC9331MXK MINGW64 ~/Training/LinuxTraining
$ ls
 demo1.txt   demo3.txt  'my apps'/   training/
 demo2.txt   demos/      samples/

cheepati.reddy@BLD8CC9331MXK MINGW64 ~/Training/LinuxTraining
$ ls -a
 ./    demo1.txt   demo3.txt  'my apps'/   training/
 ../   demo2.txt   demos/      samples/

cheepati.reddy@BLD8CC9331MXK MINGW64 ~/Training/LinuxTraining
$ ls -aR
.:
 ./    demo1.txt   demo3.txt  'my apps'/   training/
 ../   demo2.txt   demos/      samples/

./demos:
./  ../  courses/

./demos/courses:
./  ../

'./my apps':
./  ../

./samples:
./  ../  trial/

./samples/trial:
./  ../

./training:
./  ../  angular/  java/  spring/

./training/angular:
./  ../

./training/java:
./  ../

./training/spring:
./  ../

cheepati.reddy@BLD8CC9331MXK MINGW64 ~/Training/LinuxTraining
$ ls -l
total 3
-rw-r--r-- 1 cheepati.reddy 1049089 109 Mar 25 10:34  demo1.txt
-rw-r--r-- 1 cheepati.reddy 1049089  78 Mar 25 10:37  demo2.txt
-rw-r--r-- 1 cheepati.reddy 1049089  56 Mar 25 10:38  demo3.txt
drwxr-xr-x 1 cheepati.reddy 1049089   0 Mar 25 10:30  demos/
drwxr-xr-x 1 cheepati.reddy 1049089   0 Mar 25 10:31 'my apps'/
drwxr-xr-x 1 cheepati.reddy 1049089   0 Mar 25 10:26  samples/
drwxr-xr-x 1 cheepati.reddy 1049089   0 Mar 25 10:29  training/

cheepati.reddy@BLD8CC9331MXK MINGW64 ~/Training/LinuxTraining
$ cd demos

cheepati.reddy@BLD8CC9331MXK MINGW64 ~/Training/LinuxTraining/demos
$ cd ..

cheepati.reddy@BLD8CC9331MXK MINGW64 ~/Training/LinuxTraining
$ cd demos/courses

cheepati.reddy@BLD8CC9331MXK MINGW64 ~/Training/LinuxTraining/demos/courses
$ cd ../..

cheepati.reddy@BLD8CC9331MXK MINGW64 ~/Training/LinuxTraining
$ cd "my apps"

cheepati.reddy@BLD8CC9331MXK MINGW64 ~/Training/LinuxTraining/my apps
$ cd ..

cheepati.reddy@BLD8CC9331MXK MINGW64 ~/Training/LinuxTraining
$ cd ~

cheepati.reddy@BLD8CC9331MXK MINGW64 ~
$ pwd
/c/Users/cheepati.reddy

cheepati.reddy@BLD8CC9331MXK MINGW64 ~
$ cd c/Users/cheepati.reddy
bash: cd: c/Users/cheepati.reddy: No such file or directory

cheepati.reddy@BLD8CC9331MXK MINGW64 ~
$ cd /c/Users/cheepati.reddy

cheepati.reddy@BLD8CC9331MXK MINGW64 ~
$ cd Training

cheepati.reddy@BLD8CC9331MXK MINGW64 ~/Training
$ cd LinuxTraining

cheepati.reddy@BLD8CC9331MXK MINGW64 ~/Training/LinuxTraining
$ cd /

cheepati.reddy@BLD8CC9331MXK MINGW64 /
$ cd Training/LinuxTraining
bash: cd: Training/LinuxTraining: No such file or directory

cheepati.reddy@BLD8CC9331MXK MINGW64 /
$ cd Training
bash: cd: Training: No such file or directory

cheepati.reddy@BLD8CC9331MXK MINGW64 /
$ cd Training
bash: cd: Training: No such file or directory

cheepati.reddy@BLD8CC9331MXK MINGW64 /
$ cd ..

cheepati.reddy@BLD8CC9331MXK MINGW64 /
$ pwd
/

cheepati.reddy@BLD8CC9331MXK MINGW64 /
$ c:
bash: c:: command not found

cheepati.reddy@BLD8CC9331MXK MINGW64 /
$ cd ~

cheepati.reddy@BLD8CC9331MXK MINGW64 ~
$ cd Training

cheepati.reddy@BLD8CC9331MXK MINGW64 ~/Training
$ cd LinuxTraining

cheepati.reddy@BLD8CC9331MXK MINGW64 ~/Training/LinuxTraining
$ ls
 demo1.txt   demo3.txt  'my apps'/   training/
 demo2.txt   demos/      samples/

cheepati.reddy@BLD8CC9331MXK MINGW64 ~/Training/LinuxTraining
$ ls -l
total 3
-rw-r--r-- 1 cheepati.reddy 1049089 109 Mar 25 10:34  demo1.txt
-rw-r--r-- 1 cheepati.reddy 1049089  78 Mar 25 10:37  demo2.txt
-rw-r--r-- 1 cheepati.reddy 1049089  56 Mar 25 10:38  demo3.txt
drwxr-xr-x 1 cheepati.reddy 1049089   0 Mar 25 10:30  demos/
drwxr-xr-x 1 cheepati.reddy 1049089   0 Mar 25 10:31 'my apps'/
drwxr-xr-x 1 cheepati.reddy 1049089   0 Mar 25 10:26  samples/
drwxr-xr-x 1 cheepati.reddy 1049089   0 Mar 25 10:29  training/

cheepati.reddy@BLD8CC9331MXK MINGW64 ~/Training/LinuxTraining
$ ls -a
 ./    demo1.txt   demo3.txt  'my apps'/   training/
 ../   demo2.txt   demos/      samples/

cheepati.reddy@BLD8CC9331MXK MINGW64 ~/Training/LinuxTraining
$ lr -r
bash: lr: command not found

cheepati.reddy@BLD8CC9331MXK MINGW64 ~/Training/LinuxTraining
$ cd ..

cheepati.reddy@BLD8CC9331MXK MINGW64 ~/Training
$ cd ..

cheepati.reddy@BLD8CC9331MXK MINGW64 ~
$ cd Training

cheepati.reddy@BLD8CC9331MXK MINGW64 ~/Training
$ cd LinuxTraining

cheepati.reddy@BLD8CC9331MXK MINGW64 ~/Training/LinuxTraining
$ ls -LS
 demo1.txt   demo3.txt  'my apps'/   training/
 demo2.txt   demos/      samples/

cheepati.reddy@BLD8CC9331MXK MINGW64 ~/Training/LinuxTraining
$ ls -L
 demo1.txt   demo3.txt  'my apps'/   training/
 demo2.txt   demos/      samples/

cheepati.reddy@BLD8CC9331MXK MINGW64 ~/Training/LinuxTraining
$ ls .-d */
ls: cannot access '.-d': No such file or directory
demos/:
courses/

'my apps/':

samples/:
trial/

training/:
angular/  java/  spring/

cheepati.reddy@BLD8CC9331MXK MINGW64 ~/Training/LinuxTraining
$ ls -d */
 demos//  'my apps/'/   samples//   training//

cheepati.reddy@BLD8CC9331MXK MINGW64 ~/Training/LinuxTraining
$ ls -l>trial1.txt

cheepati.reddy@BLD8CC9331MXK MINGW64 ~/Training/LinuxTraining
$ cat trial1.txt
total 3
-rw-r--r-- 1 cheepati.reddy 1049089 109 Mar 25 10:34 demo1.txt
-rw-r--r-- 1 cheepati.reddy 1049089  78 Mar 25 10:37 demo2.txt
-rw-r--r-- 1 cheepati.reddy 1049089  56 Mar 25 10:38 demo3.txt
drwxr-xr-x 1 cheepati.reddy 1049089   0 Mar 25 10:30 demos/
drwxr-xr-x 1 cheepati.reddy 1049089   0 Mar 25 10:31 my apps/
drwxr-xr-x 1 cheepati.reddy 1049089   0 Mar 25 10:26 samples/
drwxr-xr-x 1 cheepati.reddy 1049089   0 Mar 25 10:29 training/
-rw-r--r-- 1 cheepati.reddy 1049089   0 Mar 25 12:11 trial1.txt

cheepati.reddy@BLD8CC9331MXK MINGW64 ~/Training/LinuxTraining
$ ls /
LICENSE.txt        cmd/  git-bash.exe*  proc/         unins001.exe*
ReleaseNotes.html  dev/  git-cmd.exe*   tmp/          unins001.msg
bin/               etc/  mingw64/       unins001.dat  usr/

cheepati.reddy@BLD8CC9331MXK MINGW64 ~/Training/LinuxTraining
$ ls /etc
DIR_COLORS        hosts                nsswitch.conf         services
bash.bash_logout  inputrc              package-versions.txt  ssh/
bash.bashrc       install-options.txt  pkcs11/               tigrc
docx2txt.config   msystem              pki/                  vimrc
fstab             mtab@                profile
gitattributes     nanorc               profile.d/
gitconfig         networks             protocols

cheepati.reddy@BLD8CC9331MXK MINGW64 ~/Training/LinuxTraining
$ ls /dev
clipboard  console  full     ptmx    sda   sda3  stderr@  tty      zero
conin      dsp      mqueue/  pty0    sda1  sda4  stdin@   urandom
conout     fd@      null     random  sda2  shm/  stdout@  windows

cheepati.reddy@BLD8CC9331MXK MINGW64 ~/Training/LinuxTraining
$ ls /bin
'[.exe'*                      msys-hogweed-6.dll*
 addgnupghome*                msys-hx509-5.dll*
 applygnupgdefaults*          msys-iconv-2.dll*
 arch.exe*                    msys-idn2-0.dll*
 astextplain*                 msys-intl-8.dll*
 autopoint*                   msys-kafs-0.dll*
 awk.exe*                     msys-krb5-26.dll*
 b2sum.exe*                   msys-ksba-8.dll*
 backup*                      msys-lz4-1.dll*
 base32.exe*                  msys-magic-1.dll*
 base64.exe*                  msys-mpfr-6.dll*
 basename.exe*                msys-ncursesw6.dll*
 basenc.exe*                  msys-nettle-8.dll*
 bash.exe*                    msys-npth-0.dll*
 bashbug*                     msys-p11-kit-0.dll*
 bunzip2.exe*                 msys-pcre-1.dll*
 bzcat.exe*                   msys-perl5_34.dll*
 bzcmp*                       msys-psl-5.dll*
 bzdiff*                      msys-readline8.dll*
 bzegrep*                     msys-roken-18.dll*
 bzfgrep*                     msys-sasl2-3.dll*
 bzgrep*                      msys-serf-1-0.dll*
 bzip2.exe*                   msys-smartcols-1.dll*
 bzip2recover.exe*            msys-sqlite3-0.dll*
 bzless*                      msys-ssl-1.1.dll*
 bzmore*                      msys-svn_client-1-0.dll*
 c_rehash*                    msys-svn_delta-1-0.dll*
 captoinfo.exe*               msys-svn_diff-1-0.dll*
 cat.exe*                     msys-svn_fs-1-0.dll*
 chattr.exe*                  msys-svn_fs_fs-1-0.dll*
 chcon.exe*                   msys-svn_fs_util-1-0.dll*
 chgrp.exe*                   msys-svn_fs_x-1-0.dll*
 chmod.exe*                   msys-svn_ra-1-0.dll*
 chown.exe*                   msys-svn_ra_local-1-0.dll*
 chroot.exe*                  msys-svn_ra_serf-1-0.dll*
 cksum.exe*                   msys-svn_ra_svn-1-0.dll*
 clear.exe*                   msys-svn_repos-1-0.dll*
 cmp.exe*                     msys-svn_subr-1-0.dll*
 column.exe*                  msys-svn_swig_perl-1-0.dll*
 comm.exe*                    msys-svn_wc-1-0.dll*
 core_perl/                   msys-tasn1-6.dll*
 cp.exe*                      msys-ticw6.dll*
 csplit.exe*                  msys-unistring-2.dll*
 cut.exe*                     msys-uuid-1.dll*
 cygcheck.exe*                msys-wind-0.dll*
 cygpath.exe*                 msys-z.dll*
 cygwin-console-helper.exe*   mv.exe*
 d2u.exe*                     nano.exe*
 dash.exe*                    nettle-hash.exe*
 date.exe*                    nettle-lfib-stream.exe*
 dd.exe*                      nettle-pbkdf2.exe*
 df.exe*                      ngettext.exe*
 diff.exe*                    nice.exe*
 diff3.exe*                   nl.exe*
 dir.exe*                     nohup.exe*
 dircolors.exe*               notepad*
 dirmngr-client.exe*          nproc.exe*
 dirmngr.exe*                 numfmt.exe*
 dirname.exe*                 od.exe*
 docx2txt*                    openssl.exe*
 docx2txt.pl*                 p11-kit.exe*
 dos2unix.exe*                passwd.exe*
 du.exe*                      paste.exe*
 dumpsexp.exe*                patch.exe*
 echo.exe*                    pathchk.exe*
 egrep*                       perl.exe*
 env.exe*                     perl5.34.0.exe*
 envsubst.exe*                pinentry-w32.exe*
 ex.exe*                      pinentry.exe*
 expand.exe*                  pinky.exe*
 expr.exe*                    pkcs1-conv.exe*
 factor.exe*                  pldd.exe*
 false.exe*                   pluginviewer.exe*
 fgrep*                       pr.exe*
 fido2-assert.exe*            printenv.exe*
 fido2-cred.exe*              printf.exe*
 fido2-token.exe*             profiler.exe*
 file.exe*                    ps.exe*
 find.exe*                    psl-make-dafsa*
 findssl.sh*                  psl.exe*
 fmt.exe*                     ptx.exe*
 fold.exe*                    pwd.exe*
 funzip.exe*                  readlink.exe*
 gawk-5.0.0.exe*              realpath.exe*
 gawk.exe*                    rebase.exe*
 gencat.exe*                  rebaseall*
 getconf.exe*                 recode-sr-latin.exe*
 getemojis*                   regtool.exe*
 getfacl.exe*                 reset.exe*
 getopt.exe*                  restore*
 gettext.exe*                 rm.exe*
 gettext.sh*                  rmdir.exe*
 gettextize*                  rnano.exe*
 git-flow*                    runcon.exe*
 git-flow-bugfix              rview.exe*
 git-flow-config              rvim.exe*
 git-flow-feature             scp.exe*
 git-flow-hotfix              sdiff.exe*
 git-flow-init                sed.exe*
 git-flow-log                 seq.exe*
 git-flow-release             setfacl.exe*
 git-flow-support             setmetamode.exe*
 git-flow-version             sexp-conv.exe*
 gitflow-common               sftp.exe*
 gitflow-shFlags              sh.exe*
 gkill.exe*                   sha1sum.exe*
 gmondump.exe*                sha224sum.exe*
 gpg-agent.exe*               sha256sum.exe*
 gpg-connect-agent.exe*       sha384sum.exe*
 gpg-error.exe*               sha512sum.exe*
 gpg-wks-server.exe*          shred.exe*
 gpg.exe*                     shuf.exe*
 gpgconf.exe*                 sleep.exe*
 gpgparsemail.exe*            sort.exe*
 gpgscm.exe*                  split.exe*
 gpgsm.exe*                   ssh-add.exe*
 gpgsplit.exe*                ssh-agent.exe*
 gpgtar.exe*                  ssh-copy-id*
 gpgv.exe*                    ssh-keygen.exe*
 grep.exe*                    ssh-keyscan.exe*
 groups.exe*                  ssh-pageant.exe*
 gunzip*                      ssh.exe*
 gzexe*                       sshd.exe*
 gzip.exe*                    ssp.exe*
 head.exe*                    start*
 hmac256.exe*                 stat.exe*
 hostid.exe*                  stdbuf.exe*
 hostname.exe*                strace.exe*
 iconv.exe*                   stty.exe*
 id.exe*                      sum.exe*
 infocmp.exe*                 sync.exe*
 infotocap.exe*               tabs.exe*
 install.exe*                 tac.exe*
 join.exe*                    tail.exe*
 kbxutil.exe*                 tar.exe*
 kill.exe*                    tee.exe*
 ldd.exe*                     test.exe*
 ldh.exe*                     tic.exe*
 less.exe*                    tig.exe*
 lessecho.exe*                timeout.exe*
 lesskey.exe*                 toe.exe*
 link.exe*                    touch.exe*
 ln.exe*                      tput.exe*
 locale.exe*                  tr.exe*
 locate.exe*                  true.exe*
 logname.exe*                 truncate.exe*
 ls.exe*                      trust.exe*
 lsattr.exe*                  tset.exe*
 mac2unix.exe*                tsort.exe*
 md5sum.exe*                  tty.exe*
 minidumper.exe*              tzset.exe*
 mintheme*                    u2d.exe*
 mintty.exe*                  umount.exe*
 mkdir.exe*                   uname.exe*
 mkfifo.exe*                  uncompress*
 mkgroup.exe*                 unexpand.exe*
 mknod.exe*                   uniq.exe*
 mkpasswd.exe*                unix2dos.exe*
 mktemp.exe*                  unix2mac.exe*
 mount.exe*                   unlink.exe*
 mpicalc.exe*                 unzip.exe*
 msgattrib.exe*               unzipsfx.exe*
 msgcat.exe*                  update-ca-trust*
 msgcmp.exe*                  updatedb*
 msgcomm.exe*                 users.exe*
 msgconv.exe*                 vdir.exe*
 msgen.exe*                   vendor_perl/
 msgexec.exe*                 vi*
 msgfilter.exe*               view.exe*
 msgfmt.exe*                  vim.exe*
 msggrep.exe*                 vimdiff.exe*
 msginit.exe*                 vimtutor*
 msgmerge.exe*                watchgnupg.exe*
 msgunfmt.exe*                wc.exe*
 msguniq.exe*                 which.exe*
 msys-2.0.dll*                who.exe*
 msys-apr-1-0.dll*            whoami.exe*
 msys-aprutil-1-0.dll*        winpty-agent.exe*
 msys-asn1-8.dll*             winpty-debugserver.exe*
 msys-assuan-0.dll*           winpty.dll*
 msys-bz2-1.dll*              winpty.exe*
 msys-cbor-0.8.dll*           wordpad*
 msys-com_err-1.dll*          xargs.exe*
 msys-crypt-0.dll*            xgettext.exe*
 msys-crypto-1.1.dll*         xxd.exe*
 msys-edit-0.dll*             yat2m.exe*
 msys-expat-1.dll*            yes.exe*
 msys-ffi-7.dll*              zcat*
 msys-fido2-1.dll*            zcmp*
 msys-gcc_s-seh-1.dll*        zdiff*
 msys-gcrypt-20.dll*          zegrep*
 msys-gettextlib-0-21.dll*    zfgrep*
 msys-gettextsrc-0-21.dll*    zforce*
 msys-gmp-10.dll*             zgrep*
 msys-gnutls-30.dll*          zipgrep*
 msys-gpg-error-0.dll*        zipinfo.exe*
 msys-gssapi-3.dll*           zless*
 msys-hcrypto-4.dll*          zmore*
 msys-heimbase-1.dll*         znew*
 msys-heimntlm-0.dll*

cheepati.reddy@BLD8CC9331MXK MINGW64 ~/Training/LinuxTraining
$ ls /MINGW64
bin/  doc/  etc/  lib/  libexec/  share/  ssl/

cheepati.reddy@BLD8CC9331MXK MINGW64 ~/Training/LinuxTraining
$ ls ..
 CSSDemos/           GitSpringDemos/   JSPServletGit/    gitassignments/
 GItJavaTraining/    GitTraining/      JavaTraining/     gitdemos/
 GitCSSDemos/        HTMLDemos/        JspServletsGit/   task_kill.txt
 GitHTMLDemos/       IntelliJDemos/    LinuxTraining/
'GitJSP&Servlets'/  'JSP&Servlets'/    SpringDemos/

cheepati.reddy@BLD8CC9331MXK MINGW64 ~/Training/LinuxTraining
$ cd ..

cheepati.reddy@BLD8CC9331MXK MINGW64 ~/Training
$ ls ..
'3D Objects'/
 AppData/
'Application Data'@
 Contacts/
 Cookies@
 Desktop/
 Documents/
 Downloads/
 Favorites/
 IntelGraphicsProfiles/
 Links/
'Local Settings'@
 Music/
'My Documents'@
 NTUSER.DAT
 NTUSER.DAT{53b39e87-18c4-11ea-a811-000d3aa4692b}.TxR.0.regtrans-ms
 NTUSER.DAT{53b39e87-18c4-11ea-a811-000d3aa4692b}.TxR.1.regtrans-ms
 NTUSER.DAT{53b39e87-18c4-11ea-a811-000d3aa4692b}.TxR.2.regtrans-ms
 NTUSER.DAT{53b39e87-18c4-11ea-a811-000d3aa4692b}.TxR.blf
 NTUSER.DAT{53b39e88-18c4-11ea-a811-000d3aa4692b}.TM.blf
 NTUSER.DAT{53b39e88-18c4-11ea-a811-000d3aa4692b}.TMContainer00000000000000000001.regtrans-ms
 NTUSER.DAT{53b39e88-18c4-11ea-a811-000d3aa4692b}.TMContainer00000000000000000002.regtrans-ms
 NetHood@
 OneDrive/
 Pictures/
 Postman/
 PrintHood@
 Recent@
'Saved Games'/
 Searches/
 SendTo@
'Start Menu'@
 Templates@
 Training/
 Videos/
 eclipse/
 eclipse-workspace/
 ntuser.dat.LOG1
 ntuser.dat.LOG2
 ntuser.ini

cheepati.reddy@BLD8CC9331MXK MINGW64 ~/Training
$ cd LinuxTraining

cheepati.reddy@BLD8CC9331MXK MINGW64 ~/Training/LinuxTraining
$ cat demo1.txt demo2.txt > trial.txt

cheepati.reddy@BLD8CC9331MXK MINGW64 ~/Training/LinuxTraining
$ cat trial.txt
Hello. Wlcome to Linux
To append more content
Have a ayGreat Day
2nd demo file for practice
Appending new into existing file
How are you

cheepati.reddy@BLD8CC9331MXK MINGW64 ~/Training/LinuxTraining
$ cat >check{1..10}.txt
bash: check{1..10}.txt: ambiguous redirect

cheepati.reddy@BLD8CC9331MXK MINGW64 ~/Training/LinuxTraining
$ touch >check{1..10}.txt
bash: check{1..10}.txt: ambiguous redirect

cheepati.reddy@BLD8CC9331MXK MINGW64 ~/Training/LinuxTraining
$ touch>check{1..10}.txt
bash: check{1..10}.txt: ambiguous redirect

cheepati.reddy@BLD8CC9331MXK MINGW64 ~/Training/LinuxTraining
$ touch check{1..10}.txt

cheepati.reddy@BLD8CC9331MXK MINGW64 ~/Training/LinuxTraining
$ ls
 check1.txt    check4.txt   check8.txt   demo3.txt   training/
 check10.txt   check5.txt   check9.txt   demos/      trial.txt
 check2.txt    check6.txt   demo1.txt   'my apps'/   trial1.txt
 check3.txt    check7.txt   demo2.txt    samples/

cheepati.reddy@BLD8CC9331MXK MINGW64 ~/Training/LinuxTraining
$ rm check*.txt

cheepati.reddy@BLD8CC9331MXK MINGW64 ~/Training/LinuxTraining
$ ls
 demo1.txt   demo3.txt  'my apps'/   training/   trial1.txt
 demo2.txt   demos/      samples/    trial.txt

cheepati.reddy@BLD8CC9331MXK MINGW64 ~/Training/LinuxTraining
$ cat -b trial.txt
     1  Hello. Wlcome to Linux
     2  To append more content
     3  Have a ayGreat Day
     4  2nd demo file for practice
     5  Appending new into existing file
     6  How are you

cheepati.reddy@BLD8CC9331MXK MINGW64 ~/Training/LinuxTraining
$ cat demo3.txt
3rd file
Good to see you
I'm chitti the robo
Hi Sana

cheepati.reddy@BLD8CC9331MXK MINGW64 ~/Training/LinuxTraining
$ cat>trial.txt

cheepati.reddy@BLD8CC9331MXK MINGW64 ~/Training/LinuxTraining
$ cat>>trial.txt
Nice day

Learning linux


voya training in java


Happy Holi

Thank you

cheepati.reddy@BLD8CC9331MXK MINGW64 ~/Training/LinuxTraining
$

cheepati.reddy@BLD8CC9331MXK MINGW64 ~/Training/LinuxTraining
$ cat trial.txt
Nice day

Learning linux


voya training in java


Happy Holi

Thank you

cheepati.reddy@BLD8CC9331MXK MINGW64 ~/Training/LinuxTraining
$ cat -b

cheepati.reddy@BLD8CC9331MXK MINGW64 ~/Training/LinuxTraining
$ cat -b trial.txt
     1  Nice day

     2  Learning linux


     3  voya training in java


     4  Happy Holi

     5  Thank you

cheepati.reddy@BLD8CC9331MXK MINGW64 ~/Training/LinuxTraining
$ cat -E trial.txt
Nice day$
$
Learning linux$
$
$
voya training in java$
$
$
Happy Holi$
$
Thank you$

cheepati.reddy@BLD8CC9331MXK MINGW64 ~/Training/LinuxTraining
$ rm demo3.txt

cheepati.reddy@BLD8CC9331MXK MINGW64 ~/Training/LinuxTraining
$ ls
 demo1.txt   demos/      samples/    trial.txt
 demo2.txt  'my apps'/   training/   trial1.txt

cheepati.reddy@BLD8CC9331MXK MINGW64 ~/Training/LinuxTraining
$ cat demo2.txt
2nd demo file for practice
Appending new into existing file
How are you

cheepati.reddy@BLD8CC9331MXK MINGW64 ~/Training/LinuxTraining
$ mv demo2.txt demo3.txt

cheepati.reddy@BLD8CC9331MXK MINGW64 ~/Training/LinuxTraining
$ ls
 demo1.txt   demos/      samples/    trial.txt
 demo3.txt  'my apps'/   training/   trial1.txt

cheepati.reddy@BLD8CC9331MXK MINGW64 ~/Training/LinuxTraining
$ cat demo3.txt
2nd demo file for practice
Appending new into existing file
How are you

cheepati.reddy@BLD8CC9331MXK MINGW64 ~/Training/LinuxTraining
$ cat demo2.txt
cat: demo2.txt: No such file or directory

cheepati.reddy@BLD8CC9331MXK MINGW64 ~/Training/LinuxTraining
$ cat>demo2.txt
Hello new demo2 file

cheepati.reddy@BLD8CC9331MXK MINGW64 ~/Training/LinuxTraining
$

cheepati.reddy@BLD8CC9331MXK MINGW64 ~/Training/LinuxTraining
$ cat demo2.txt
Hello new demo2 file

cheepati.reddy@BLD8CC9331MXK MINGW64 ~/Training/LinuxTraining
$ mv demo1.txt check.txt

cheepati.reddy@BLD8CC9331MXK MINGW64 ~/Training/LinuxTraining
$ ls
 check.txt   demo3.txt  'my apps'/   training/   trial1.txt
 demo2.txt   demos/      samples/    trial.txt

cheepati.reddy@BLD8CC9331MXK MINGW64 ~/Training/LinuxTraining
$ cat check.txt
Hello. Wlcome to Linux
To append more content
Have a ayGreat Day

cheepati.reddy@BLD8CC9331MXK MINGW64 ~/Training/LinuxTraining
$ mv demo2.txt check.txt

cheepati.reddy@BLD8CC9331MXK MINGW64 ~/Training/LinuxTraining
$ ls
 check.txt   demos/      samples/    trial.txt
 demo3.txt  'my apps'/   training/   trial1.txt

cheepati.reddy@BLD8CC9331MXK MINGW64 ~/Training/LinuxTraining
$ mv -i demo3.txt check.txt
mv: overwrite 'check.txt'? y

cheepati.reddy@BLD8CC9331MXK MINGW64 ~/Training/LinuxTraining
$ ls
 check.txt  'my apps'/   training/   trial1.txt
 demos/      samples/    trial.txt

cheepati.reddy@BLD8CC9331MXK MINGW64 ~/Training/LinuxTraining
$ history
    1  ls
    2  git config --list
    3  git config --global user.name NithinKumarReddy
    4  git config --global user.email nithinkumarreddy.c_cse2019@svce.edu.in
    5  git config --list
    6  git init
    7  notepad
    8  ls
    9  ls
   10  cat>demo2.txt
   11  cat demo2.txt
   12  git config --list
   13  git config --list
   14  git status
   15  git add .
   16  git status
   17  git commit
   18  notepad trial.txt
   19  clear
   20  notepad trial1.txt
   21  notepad trial2.txt
   22  git add .
   23  git status
   24  git init
   25  git status
   26  git add .
   27  git status
   28  git restore trial1.txt
   29  git restore trial2.txt
   30  git status
   31  git restore --staged trial1.txt
   32  git status
   33  git init
   34  notepad trial1.txt
   35  notepad trial2.txt
   36  git status
   37  git add .
   38  git status
   39  git restore --staged trial1.txt
   40  git rm --cached trial.txt
   41  git rm --cached trial1.txt
   42  git status
   43  git commit -m "trial2 first commit"
   44  git status
   45  notepad trial1.txt
   46  notepad trial2.txt
   47  notepad hello.txt
   48  git add .
   49  git status
   50  clear
   51  git init
   52  notepad trial1.txt
   53  notepad trial2.txt
   54  git status
   55  git add .
   56  git status
   57  git restore text1.txt
   58  git restore text1.txt
   59  git restore trial1.txt
   60  git restore --staged trial1.txt
   61  git status
   62  git restore --staged trial1.txt
   63  git status
   64  git restore trial1.txt
   65  git status
   66  git restore --staged trial1.txt
   67  git restore --staged trial1.txt
   68  git status
   69  notepad trial2.txtclear
   70  clear
   71  git init
   72  notepad trial1.txt
   73  notepad trial2.txt
   74  git status
   75  git add .
   76  git restore --staged trial1.txt
   77  git restore trial1.txt
   78  git restore --staged trial1.txt
   79  git status
   80  git restore trial1.txt
   81  git status
   82  git restore --staged trial1.txt
   83  git status
   84  git rm --cached trial.txt
   85  git rm --cached trial1.txt
   86  git status
   87  git commit -m "first commit trial2"
   88  git status
   89  git add trial1.txt
   90  git status
   91  notepad trial1.txt
   92  notepad trial2.txt
   93  notepad hello.txt
   94  git add .
   95  git status
   96  git commit -m "second commit 3 files
   97  "
   98  git status
   99  git add trial1.txt
  100  git log --oneline
  101  git status
  102  git restore --staged trial1.txt
  103  git status
  104  git restore trial1.txt
  105  git status
  106  git restore trial1.txt
  107  git restore --staged trial2.txt
  108  git restore trial2.txt
  109  git status
  110  touch .project
  111  touch .classpath
  112  mkdir bin
  113  cd bin
  114  touch .class
  115  touch .gitignore
  116  git add .
  117  git commit -m "third commit with ignore"
  118  git log
  119  git branch reports
  120  git checkout reports
  121  notepad trial1.txt
  122  git add trial1.txt
  123  git add trial2.txt
  124  notepad trial2.txt
  125  cd gitdemos
  126  mkdir gitdemos
  127  cd gitdemos
  128  cd ./gitdemos
  129  git checkout
  130  cd ..
  131  cd ..
  132  git add trial1.txt
  133  git add trial2.txt
  134  git restore trial2.txt
  135  git status
  136  git restore --staged trial1.txt
  137  git restore --staged trial2.txt
  138  git restore trial2.txt
  139  git restore trial1.txt
  140  git status
  141  git add trial1.txt
  142  git commit -m "4th commit in reports with trial1"
  143  git add trial2.txt
  144  git commit -m "5th commit in reports with trial2"
  145  git status
  146  git add .
  147  git commit -m ""
  148  git commit -m "all"
  149  git status
  150  git merge reports -m "merging master with reports"
  151  git log --oneline
  152  git log
  153  git log --oneline
  154  git checkout master
  155  git log
  156  git log --oneline
  157  git status
  158  git init
  159  git add .
  160  git status
  161  git commit -m "Initial commit"
  162  git status
  163  notepad demo3.txt
  164  git status
  165  git add demo1.txt
  166  git status
  167  git restore demo3.txt
  168  git status
  169  git add demo3.txt
  170  git restore demo3.txt
  171  git commit -m "hi im nithin"
  172  git restore demo3.txt
  173  git restore demo3.txt
  174  notepad demo.txt
  175  git status
  176  git restore demo.txt
  177  git status
  178  git restore DEMO.txt
  179  notepad DEMO.text
  180  notepad demo3.txt
  181  git add .
  182  git status
  183  git gti restore --staged demo3.txt
  184  git git restore --staged demo3.txt
  185  git restore --staged demo3.txt
  186  git status
  187  notepad demo4.txt
  188  git status
  189  git restore demo3.txt
  190  git status
  191  git add demo4.txt
  192  git status
  193  git rm --cached demo4.txt
  194  git status
  195  git checkout -- demo4.txt
  196  git checkout -- demo4.txt
  197  git checkout -- demo4.txt
  198  git status
  199  git log
  200  git log --online
  201  git log --oneline
  202  git log -stat
  203  git log --oneline
  204  clear
  205  touch .project
  206  touch .claspath
  207  touch hello.jar
  208  mkdir bin
  209  cd bin
  210  cd bin
  211  mkdir bin
  212  cd bin
  213  touch trial.txt
  214  cd ..
  215  cd..
  216  cd ..
  217  touch .gitignore
  218  notepad .gitignore
  219  touch .settings
  220  touch sample.txt
  221  notepad sample.txt
  222  git status
  223  ls
  224  ls -a
  225  git add .
  226  git status
  227  git resore --sample.txt
  228  git restore --sample.txt
  229  git restore -- sample.txt
  230  git status
  231  git restore --staged sample.txt
  232  git status
  233  git add .
  234  git commit -m "after restore comand"
  235  git status
  236  git log
  237  git documentation commit
  238  git branch
  239  git status
  240  git log --oneline
  241  git branch
  242  notepad demo3.txt
  243  ;
  244  :
  245  git branch testing
  246  notepad demo3.txt
  247  git checkout testing
  248  git checkout master
  249  git status
  250  notepad demo3.txt
  251  git checkout testing
  252  git add . && git commit -m "from testing branch first cimmmit"
  253  git log --online
  254  git log --oneline
  255  git checkout master
  256  git status
  257  git log --oneline
  258  git checkout testing
  259  git log --oneline
  260  ls
  261  notepad demo2.txt
  262  git add . && git commit -m "demo2 branch is added"
  263  git log --online
  264  git log --oneline
  265  notepad demo2.txt
  266  notepad demo4.txt
  267  git add . && git commit -m "demo4 Im in testing"
  268  git log --oneline
  269  notepad demo3.txt
  270  git add . && git commit -m "demo3 after demo4"
  271  git log --oneline
  272  git checkout master
  273  git log --oneline
  274  git merge testing -m "Merge to master"
  275  git log --oneline
  276  git push
  277  git init
  278  git add .
  279  git status
  280  git status
  281  git status
  282  git status
  283  uname -a
  284  uname -a
  285  uname -a
  286  pwd
  287  mkdir samples
  288  ls
  289  mkdir -p samples/trial
  290  ls
  291  ls -R
  292  mkdir -p training/{angular,java,spring}
  293  ls -R
  294  mkdir -p demos/courses
  295  ls -R
  296  mkdir "my apps"
  297  ls
  298  cat>demo1.txt
  299  cat demo1.txt
  300  cat>>demo1.txt
  301  cat demo1.txt
  302  cat>demo2.txt
  303  cat demo2.txt
  304  cat>>demo2.txt
  305  cat demo2.txt
  306  cat>demo3.txt
  307  cat demo3.txt
  308  cat>>demo3.txt
  309  cat demo3.txt
  310  ls
  311  ls -a
  312  ls -aR
  313  ls -l
  314  cd demos
  315  cd ..
  316  cd demos/courses
  317  cd ../..
  318  cd "my apps"
  319  cd ..
  320  cd ~
  321  pwd
  322  cd c/Users/cheepati.reddy
  323  cd /c/Users/cheepati.reddy
  324  cd Training
  325  cd LinuxTraining
  326  cd /
  327  cd Training/LinuxTraining
  328  cd Training
  329  cd Training
  330  cd ..
  331  pwd
  332  c:
  333  cd ~
  334  cd Training
  335  cd LinuxTraining
  336  ls
  337  ls -l
  338  ls -a
  339  lr -r
  340  cd ..
  341  cd ..
  342  cd Training
  343  cd LinuxTraining
  344  ls -LS
  345  ls -L
  346  ls .-d */
  347  ls -d */
  348  ls -l>trial1.txt
  349  cat trial1.txt
  350  ls /
  351  ls /etc
  352  ls /dev
  353  ls /bin
  354  ls /MINGW64
  355  ls ..
  356  cd ..
  357  ls ..
  358  cd LinuxTraining
  359  cat demo1.txt demo2.txt > trial.txt
  360  cat trial.txt
  361  cat >check{1..10}.txt
  362  touch >check{1..10}.txt
  363  touch>check{1..10}.txt
  364  touch check{1..10}.txt
  365  ls
  366  rm check*.txt
  367  ls
  368  cat -b trial.txt
  369  cat demo3.txt
  370  cat>trial.txt
  371  cat>>trial.txt
  372  cat trial.txt
  373  cat -b
  374  cat -b trial.txt
  375  cat -E trial.txt
  376  rm demo3.txt
  377  ls
  378  cat demo2.txt
  379  mv demo2.txt demo3.txt
  380  ls
  381  cat demo3.txt
  382  cat demo2.txt
  383  cat>demo2.txt
  384  cat demo2.txt
  385  mv demo1.txt check.txt
  386  ls
  387  cat check.txt
  388  mv demo2.txt check.txt
  389  ls
  390  mv -i demo3.txt check.txt
  391  ls
  392  history

cheepati.reddy@BLD8CC9331MXK MINGW64 ~/Training/LinuxTraining
$ ls --help
Usage: ls [OPTION]... [FILE]...
List information about the FILEs (the current directory by default).
Sort entries alphabetically if none of -cftuvSUX nor --sort is specified.

Mandatory arguments to long options are mandatory for short options too.
  -a, --all                  do not ignore entries starting with .
  -A, --almost-all           do not list implied . and ..
      --author               with -l, print the author of each file
  -b, --escape               print C-style escapes for nongraphic characters
      --block-size=SIZE      with -l, scale sizes by SIZE when printing them;
                               e.g., '--block-size=M'; see SIZE format below
  -B, --ignore-backups       do not list implied entries ending with ~
  -c                         with -lt: sort by, and show, ctime (time of last
                               modification of file status information);
                               with -l: show ctime and sort by name;
                               otherwise: sort by ctime, newest first
  -C                         list entries by columns
      --color[=WHEN]         colorize the output; WHEN can be 'always' (default
                               if omitted), 'auto', or 'never'; more info below
  -d, --directory            list directories themselves, not their contents
  -D, --dired                generate output designed for Emacs' dired mode
  -f                         do not sort, enable -aU, disable -ls --color
  -F, --classify             append indicator (one of */=>@|) to entries
      --file-type            likewise, except do not append '*'
      --format=WORD          across -x, commas -m, horizontal -x, long -l,
                               single-column -1, verbose -l, vertical -C
      --full-time            like -l --time-style=full-iso
  -g                         like -l, but do not list owner
      --group-directories-first
                             group directories before files;
                               can be augmented with a --sort option, but any
                               use of --sort=none (-U) disables grouping
  -G, --no-group             in a long listing, don't print group names
  -h, --human-readable       with -l and -s, print sizes like 1K 234M 2G etc.
      --si                   likewise, but use powers of 1000 not 1024
  -H, --dereference-command-line
                             follow symbolic links listed on the command line
      --dereference-command-line-symlink-to-dir
                             follow each command line symbolic link
                               that points to a directory
      --hide=PATTERN         do not list implied entries matching shell PATTERN
                               (overridden by -a or -A)
      --hyperlink[=WHEN]     hyperlink file names; WHEN can be 'always'
                               (default if omitted), 'auto', or 'never'
      --indicator-style=WORD  append indicator with style WORD to entry names:
                               none (default), slash (-p),
                               file-type (--file-type), classify (-F)
  -i, --inode                print the index number of each file
  -I, --ignore=PATTERN       do not list implied entries matching shell PATTERN
  -k, --kibibytes            default to 1024-byte blocks for disk usage;
                               used only with -s and per directory totals
  -l                         use a long listing format
  -L, --dereference          when showing file information for a symbolic
                               link, show information for the file the link
                               references rather than for the link itself
  -m                         fill width with a comma separated list of entries
  -n, --numeric-uid-gid      like -l, but list numeric user and group IDs
  -N, --literal              print entry names without quoting
  -o                         like -l, but do not list group information
  -p, --indicator-style=slash
                             append / indicator to directories
  -q, --hide-control-chars   print ? instead of nongraphic characters
      --show-control-chars   show nongraphic characters as-is (the default,
                               unless program is 'ls' and output is a terminal)
  -Q, --quote-name           enclose entry names in double quotes
      --quoting-style=WORD   use quoting style WORD for entry names:
                               literal, locale, shell, shell-always,
                               shell-escape, shell-escape-always, c, escape
                               (overrides QUOTING_STYLE environment variable)
  -r, --reverse              reverse order while sorting
  -R, --recursive            list subdirectories recursively
  -s, --size                 print the allocated size of each file, in blocks
  -S                         sort by file size, largest first
      --sort=WORD            sort by WORD instead of name: none (-U), size (-S),
                               time (-t), version (-v), extension (-X)
      --time=WORD            change the default of using modification times;
                               access time (-u): atime, access, use;
                               change time (-c): ctime, status;
                               birth time: birth, creation;
                             with -l, WORD determines which time to show;
                             with --sort=time, sort by WORD (newest first)
      --time-style=TIME_STYLE  time/date format with -l; see TIME_STYLE below
  -t                         sort by time, newest first; see --time
  -T, --tabsize=COLS         assume tab stops at each COLS instead of 8
  -u                         with -lt: sort by, and show, access time;
                               with -l: show access time and sort by name;
                               otherwise: sort by access time, newest first
  -U                         do not sort; list entries in directory order
  -v                         natural sort of (version) numbers within text
  -w, --width=COLS           set output width to COLS.  0 means no limit
  -x                         list entries by lines instead of by columns
  -X                         sort alphabetically by entry extension
  -Z, --context              print any security context of each file
  -1                         list one file per line.  Avoid '\n' with -q or -b
      --append-exe           append .exe if cygwin magic was needed
      --help     display this help and exit
      --version  output version information and exit

The SIZE argument is an integer and optional unit (example: 10K is 10*1024).
Units are K,M,G,T,P,E,Z,Y (powers of 1024) or KB,MB,... (powers of 1000).
Binary prefixes can be used, too: KiB=K, MiB=M, and so on.

The TIME_STYLE argument can be full-iso, long-iso, iso, locale, or +FORMAT.
FORMAT is interpreted like in date(1).  If FORMAT is FORMAT1<newline>FORMAT2,
then FORMAT1 applies to non-recent files and FORMAT2 to recent files.
TIME_STYLE prefixed with 'posix-' takes effect only outside the POSIX locale.
Also the TIME_STYLE environment variable sets the default style to use.

Using color to distinguish file types is disabled both by default and
with --color=never.  With --color=auto, ls emits color codes only when
standard output is connected to a terminal.  The LS_COLORS environment
variable can change the settings.  Use the dircolors command to set it.

Exit status:
 0  if OK,
 1  if minor problems (e.g., cannot access subdirectory),
 2  if serious trouble (e.g., cannot access command-line argument).

GNU coreutils online help: <https://www.gnu.org/software/coreutils/>
Report any translation bugs to <https://translationproject.org/team/>
Full documentation <https://www.gnu.org/software/coreutils/ls>
or available locally via: info '(coreutils) ls invocation'

cheepati.reddy@BLD8CC9331MXK MINGW64 ~/Training/LinuxTraining
$ cat -v check.txt
2nd demo file for practice
^[[A^[[BAppending new into existing file
How are you

cheepati.reddy@BLD8CC9331MXK MINGW64 ~/Training/LinuxTraining
$ ls -R
.:
 check.txt  'my apps'/   training/   trial1.txt
 demos/      samples/    trial.txt

./demos:
courses/

./demos/courses:

'./my apps':

./samples:
trial/

./samples/trial:

./training:
angular/  java/  spring/

./training/angular:

./training/java:

./training/spring:

cheepati.reddy@BLD8CC9331MXK MINGW64 ~/Training/LinuxTraining
$ rmdir demos
rmdir: failed to remove 'demos': Directory not empty

cheepati.reddy@BLD8CC9331MXK MINGW64 ~/Training/LinuxTraining
$ rmdir -rv demos
rmdir: unknown option -- r
Try 'rmdir --help' for more information.

cheepati.reddy@BLD8CC9331MXK MINGW64 ~/Training/LinuxTraining
$ rm -rv demos
removed directory 'demos/courses'
removed directory 'demos'

cheepati.reddy@BLD8CC9331MXK MINGW64 ~/Training/LinuxTraining
$ ls
 check.txt  'my apps'/   samples/   training/   trial.txt   trial1.txt

cheepati.reddy@BLD8CC9331MXK MINGW64 ~/Training/LinuxTraining
$ ls -R
.:
 check.txt  'my apps'/   samples/   training/   trial.txt   trial1.txt

'./my apps':

./samples:
trial/

./samples/trial:

./training:
angular/  java/  spring/

./training/angular:

./training/java:

./training/spring:

cheepati.reddy@BLD8CC9331MXK MINGW64 ~/Training/LinuxTraining
$ rm demos
rm: cannot remove 'demos': No such file or directory

cheepati.reddy@BLD8CC9331MXK MINGW64 ~/Training/LinuxTraining
$ mkdir demos

cheepati.reddy@BLD8CC9331MXK MINGW64 ~/Training/LinuxTraining
$ rm -v demos
rm: cannot remove 'demos': Is a directory

cheepati.reddy@BLD8CC9331MXK MINGW64 ~/Training/LinuxTraining
$ rmdir -v demos
rmdir: removing directory, 'demos'

cheepati.reddy@BLD8CC9331MXK MINGW64 ~/Training/LinuxTraining
$ rmdir training/java

cheepati.reddy@BLD8CC9331MXK MINGW64 ~/Training/LinuxTraining
$ ls -R
.:
 check.txt  'my apps'/   samples/   training/   trial.txt   trial1.txt

'./my apps':

./samples:
trial/

./samples/trial:

./training:
angular/  spring/

./training/angular:

./training/spring:

cheepati.reddy@BLD8CC9331MXK MINGW64 ~/Training/LinuxTraining
$ ls
 check.txt  'my apps'/   samples/   training/   trial.txt   trial1.txt

cheepati.reddy@BLD8CC9331MXK MINGW64 ~/Training/LinuxTraining
$ touch training/angular/trial.txt

cheepati.reddy@BLD8CC9331MXK MINGW64 ~/Training/LinuxTraining
$ ls -R
.:
 check.txt  'my apps'/   samples/   training/   trial.txt   trial1.txt

'./my apps':

./samples:
trial/

./samples/trial:

./training:
angular/  spring/

./training/angular:
trial.txt

./training/spring:

cheepati.reddy@BLD8CC9331MXK MINGW64 ~/Training/LinuxTraining
$ rmdir -v training/angular
rmdir: removing directory, 'training/angular'
rmdir: failed to remove 'training/angular': Directory not empty

cheepati.reddy@BLD8CC9331MXK MINGW64 ~/Training/LinuxTraining
$ ls -R
.:
 check.txt  'my apps'/   samples/   training/   trial.txt   trial1.txt

'./my apps':

./samples:
trial/

./samples/trial:

./training:
angular/  spring/

./training/angular:
trial.txt

./training/spring:

cheepati.reddy@BLD8CC9331MXK MINGW64 ~/Training/LinuxTraining
$ rmd -rv training/angular
bash: rmd: command not found

cheepati.reddy@BLD8CC9331MXK MINGW64 ~/Training/LinuxTraining
$ rm -rv training/angular
removed 'training/angular/trial.txt'
removed directory 'training/angular'

cheepati.reddy@BLD8CC9331MXK MINGW64 ~/Training/LinuxTraining
$ ls -R
.:
 check.txt  'my apps'/   samples/   training/   trial.txt   trial1.txt

'./my apps':

./samples:
trial/

./samples/trial:

./training:
spring/

./training/spring:

cheepati.reddy@BLD8CC9331MXK MINGW64 ~/Training/LinuxTraining
$ cp check.txt trial.txt

cheepati.reddy@BLD8CC9331MXK MINGW64 ~/Training/LinuxTraining
$ cat trial.txt
2nd demo file for practice
Appending new into existing file
How are you

cheepati.reddy@BLD8CC9331MXK MINGW64 ~/Training/LinuxTraining
$ cp -i check.txt trial.txt
cp: overwrite 'trial.txt'? n

cheepati.reddy@BLD8CC9331MXK MINGW64 ~/Training/LinuxTraining
$ cat trial.txt
2nd demo file for practice
Appending new into existing file
How are you

cheepati.reddy@BLD8CC9331MXK MINGW64 ~/Training/LinuxTraining
$ ls -R
.:
 check.txt  'my apps'/   samples/   training/   trial.txt   trial1.txt

'./my apps':

./samples:
trial/

./samples/trial:

./training:
spring/

./training/spring:

cheepati.reddy@BLD8CC9331MXK MINGW64 ~/Training/LinuxTraining
$ cat trial.txt
2nd demo file for practice
Appending new into existing file
How are you

cheepati.reddy@BLD8CC9331MXK MINGW64 ~/Training/LinuxTraining
$ ls
 check.txt  'my apps'/   samples/   training/   trial.txt   trial1.txt

cheepati.reddy@BLD8CC9331MXK MINGW64 ~/Training/LinuxTraining
$ ls -a
 ./    check.txt   samples/    trial.txt
 ../  'my apps'/   training/   trial1.txt

cheepati.reddy@BLD8CC9331MXK MINGW64 ~/Training/LinuxTraining
$ chmode
bash: chmode: command not found

cheepati.reddy@BLD8CC9331MXK MINGW64 ~/Training/LinuxTraining
$ ch mode
bash: ch: command not found

cheepati.reddy@BLD8CC9331MXK MINGW64 ~/Training/LinuxTraining
$ chmod 777 trial.txt

cheepati.reddy@BLD8CC9331MXK MINGW64 ~/Training/LinuxTraining
$ chmod -v 777 trial.txt
mode of 'trial.txt' changed from 0644 (rw-r--r--) to 0777 (rwxrwxrwx)

cheepati.reddy@BLD8CC9331MXK MINGW64 ~/Training/LinuxTraining
$ ls
 check.txt  'my apps'/   samples/   training/   trial.txt   trial1.txt

cheepati.reddy@BLD8CC9331MXK MINGW64 ~/Training/LinuxTraining
$ ls -l
total 3
-rw-r--r-- 1 cheepati.reddy 1049089  78 Mar 25 10:37  check.txt
drwxr-xr-x 1 cheepati.reddy 1049089   0 Mar 25 10:31 'my apps'/
drwxr-xr-x 1 cheepati.reddy 1049089   0 Mar 25 10:26  samples/
drwxr-xr-x 1 cheepati.reddy 1049089   0 Mar 25 12:56  training/
-rw-r--r-- 1 cheepati.reddy 1049089  78 Mar 25 12:57  trial.txt
-rw-r--r-- 1 cheepati.reddy 1049089 508 Mar 25 12:11  trial1.txt

cheepati.reddy@BLD8CC9331MXK MINGW64 ~/Training/LinuxTraining
$ pwd
/c/Users/cheepati.reddy/Training/LinuxTraining

cheepati.reddy@BLD8CC9331MXK MINGW64 ~/Training/LinuxTraining
$ ls
 check.txt  'my apps'/   samples/   training/   trial.txt   trial1.txt

cheepati.reddy@BLD8CC9331MXK MINGW64 ~/Training/LinuxTraining
$ ls samples
trial/

cheepati.reddy@BLD8CC9331MXK MINGW64 ~/Training/LinuxTraining
$ ls -vR
.:
 check.txt  'my apps'/   samples/   training/   trial.txt   trial1.txt

'./my apps':

./samples:
trial/

./samples/trial:

./training:
spring/

./training/spring:

cheepati.reddy@BLD8CC9331MXK MINGW64 ~/Training/LinuxTraining
$ cp -R samples programs

cheepati.reddy@BLD8CC9331MXK MINGW64 ~/Training/LinuxTraining
$ ls programs
trial/

cheepati.reddy@BLD8CC9331MXK MINGW64 ~/Training/LinuxTraining
$ ls samples
trial/

cheepati.reddy@BLD8CC9331MXK MINGW64 ~/Training/LinuxTraining
$ cp -R samples demos

cheepati.reddy@BLD8CC9331MXK MINGW64 ~/Training/LinuxTraining
$ ls demos
trial/

cheepati.reddy@BLD8CC9331MXK MINGW64 ~/Training/LinuxTraining
$ cp samples demos
cp: -r not specified; omitting directory 'samples'

cheepati.reddy@BLD8CC9331MXK MINGW64 ~/Training/LinuxTraining
$ cp - R samples demos
cp: cannot stat '-': No such file or directory
cp: cannot stat 'R': No such file or directory
cp: -r not specified; omitting directory 'samples'

cheepati.reddy@BLD8CC9331MXK MINGW64 ~/Training/LinuxTraining
$ ls -a
 ./    check.txt  'my apps'/   samples/    trial.txt
 ../   demos/      programs/   training/   trial1.txt

cheepati.reddy@BLD8CC9331MXK MINGW64 ~/Training/LinuxTraining
$ ls -l
total 3
-rw-r--r-- 1 cheepati.reddy 1049089  78 Mar 25 10:37  check.txt
drwxr-xr-x 1 cheepati.reddy 1049089   0 Mar 25 14:00  demos/
drwxr-xr-x 1 cheepati.reddy 1049089   0 Mar 25 10:31 'my apps'/
drwxr-xr-x 1 cheepati.reddy 1049089   0 Mar 25 14:00  programs/
drwxr-xr-x 1 cheepati.reddy 1049089   0 Mar 25 10:26  samples/
drwxr-xr-x 1 cheepati.reddy 1049089   0 Mar 25 12:56  training/
-rw-r--r-- 1 cheepati.reddy 1049089  78 Mar 25 12:57  trial.txt
-rw-r--r-- 1 cheepati.reddy 1049089 508 Mar 25 12:11  trial1.txt

cheepati.reddy@BLD8CC9331MXK MINGW64 ~/Training/LinuxTraining
$ ls -R
.:
 check.txt  'my apps'/   samples/    trial.txt
 demos/      programs/   training/   trial1.txt

./demos:
trial/

./demos/trial:

'./my apps':

./programs:
trial/

./programs/trial:

./samples:
trial/

./samples/trial:

./training:
spring/

./training/spring:

cheepati.reddy@BLD8CC9331MXK MINGW64 ~/Training/LinuxTraining
$ mv samples examples

cheepati.reddy@BLD8CC9331MXK MINGW64 ~/Training/LinuxTraining
$ mv examples demos

cheepati.reddy@BLD8CC9331MXK MINGW64 ~/Training/LinuxTraining
$ mv -v examples demos
mv: cannot stat 'examples': No such file or directory

cheepati.reddy@BLD8CC9331MXK MINGW64 ~/Training/LinuxTraining
$ ls -R
.:
 check.txt  'my apps'/   training/   trial1.txt
 demos/      programs/   trial.txt

./demos:
examples/  trial/

./demos/examples:
trial/

./demos/examples/trial:

./demos/trial:

'./my apps':

./programs:
trial/

./programs/trial:

./training:
spring/

./training/spring:

cheepati.reddy@BLD8CC9331MXK MINGW64 ~/Training/LinuxTraining
$ ls -l
total 3
-rw-r--r-- 1 cheepati.reddy 1049089  78 Mar 25 10:37  check.txt
drwxr-xr-x 1 cheepati.reddy 1049089   0 Mar 25 14:02  demos/
drwxr-xr-x 1 cheepati.reddy 1049089   0 Mar 25 10:31 'my apps'/
drwxr-xr-x 1 cheepati.reddy 1049089   0 Mar 25 14:00  programs/
drwxr-xr-x 1 cheepati.reddy 1049089   0 Mar 25 12:56  training/
-rw-r--r-- 1 cheepati.reddy 1049089  78 Mar 25 12:57  trial.txt
-rw-r--r-- 1 cheepati.reddy 1049089 508 Mar 25 12:11  trial1.txt

cheepati.reddy@BLD8CC9331MXK MINGW64 ~/Training/LinuxTraining
$ ls -l
total 3
-rw-r--r-- 1 cheepati.reddy 1049089  78 Mar 25 10:37  check.txt
drwxr-xr-x 1 cheepati.reddy 1049089   0 Mar 25 14:02  demos/
drwxr-xr-x 1 cheepati.reddy 1049089   0 Mar 25 10:31 'my apps'/
drwxr-xr-x 1 cheepati.reddy 1049089   0 Mar 25 14:00  programs/
drwxr-xr-x 1 cheepati.reddy 1049089   0 Mar 25 12:56  training/
-rw-r--r-- 1 cheepati.reddy 1049089  78 Mar 25 12:57  trial.txt
-rw-r--r-- 1 cheepati.reddy 1049089 508 Mar 25 12:11  trial1.txt

cheepati.reddy@BLD8CC9331MXK MINGW64 ~/Training/LinuxTraining
$ chmod -v 677 trial.txt
mode of 'trial.txt' changed from 0644 (rw-r--r--) to 0677 (rw-rwxrwx)

cheepati.reddy@BLD8CC9331MXK MINGW64 ~/Training/LinuxTraining
$ ls -l
total 3
-rw-r--r-- 1 cheepati.reddy 1049089  78 Mar 25 10:37  check.txt
drwxr-xr-x 1 cheepati.reddy 1049089   0 Mar 25 14:02  demos/
drwxr-xr-x 1 cheepati.reddy 1049089   0 Mar 25 10:31 'my apps'/
drwxr-xr-x 1 cheepati.reddy 1049089   0 Mar 25 14:00  programs/
drwxr-xr-x 1 cheepati.reddy 1049089   0 Mar 25 12:56  training/
-rw-r--r-- 1 cheepati.reddy 1049089  78 Mar 25 12:57  trial.txt
-rw-r--r-- 1 cheepati.reddy 1049089 508 Mar 25 12:11  trial1.txt

cheepati.reddy@BLD8CC9331MXK MINGW64 ~/Training/LinuxTraining
$ cd ~

cheepati.reddy@BLD8CC9331MXK MINGW64 ~
$ mkdir -v assignments
mkdir: created directory 'assignments'

cheepati.reddy@BLD8CC9331MXK MINGW64 ~
$ cd assignments

cheepati.reddy@BLD8CC9331MXK MINGW64 ~/assignments
$ mkdir -vp training/demos
mkdir: created directory 'training'
mkdir: created directory 'training/demos'

cheepati.reddy@BLD8CC9331MXK MINGW64 ~/assignments
$ mkdir frontend

cheepati.reddy@BLD8CC9331MXK MINGW64 ~/assignments
$ mkdir -vp frontend/{react,angular}
mkdir: created directory 'frontend/react'
mkdir: created directory 'frontend/angular'

cheepati.reddy@BLD8CC9331MXK MINGW64 ~/assignments
$ mkdir backend

cheepati.reddy@BLD8CC9331MXK MINGW64 ~/assignments
$ mkdir -vp backend/{java,spring}
mkdir: created directory 'backend/java'
mkdir: created directory 'backend/spring'

cheepati.reddy@BLD8CC9331MXK MINGW64 ~/assignments
$ ls
backend/  frontend/  training/

cheepati.reddy@BLD8CC9331MXK MINGW64 ~/assignments
$ ls frontend
angular/  react/

cheepati.reddy@BLD8CC9331MXK MINGW64 ~/assignments
$ ls backend
java/  spring/

cheepati.reddy@BLD8CC9331MXK MINGW64 ~/assignments
$ cd training

cheepati.reddy@BLD8CC9331MXK MINGW64 ~/assignments/training
$

cheepati.reddy@BLD8CC9331MXK MINGW64 ~/assignments/training
$ touch trial{1..3}.txt

cheepati.reddy@BLD8CC9331MXK MINGW64 ~/assignments/training
$ ls tr
ls: cannot access 'tr': No such file or directory

cheepati.reddy@BLD8CC9331MXK MINGW64 ~/assignments/training
$ ls
demos/  trial1.txt  trial2.txt  trial3.txt

cheepati.reddy@BLD8CC9331MXK MINGW64 ~/assignments/training
$ cd demos

cheepati.reddy@BLD8CC9331MXK MINGW64 ~/assignments/training/demos
$ touch test{1..10}.txt

cheepati.reddy@BLD8CC9331MXK MINGW64 ~/assignments/training/demos
$ ls
test1.txt   test2.txt  test4.txt  test6.txt  test8.txt
test10.txt  test3.txt  test5.txt  test7.txt  test9.txt

cheepati.reddy@BLD8CC9331MXK MINGW64 ~/assignments/training/demos
$ cat test.txt
cat: test.txt: No such file or directory

cheepati.reddy@BLD8CC9331MXK MINGW64 ~/assignments/training/demos
$ cat test1.txt

cheepati.reddy@BLD8CC9331MXK MINGW64 ~/assignments/training/demos
$ cat>test1.txt
New data added into file

cheepati.reddy@BLD8CC9331MXK MINGW64 ~/assignments/training/demos
$ cat test1.txt
New data added into file

cheepati.reddy@BLD8CC9331MXK MINGW64 ~/assignments/training/demos
$ mv test1.txt test2.txt

cheepati.reddy@BLD8CC9331MXK MINGW64 ~/assignments/training/demos
$ cat test2.txt
New data added into file

cheepati.reddy@BLD8CC9331MXK MINGW64 ~/assignments/training/demos
$ ls
test10.txt  test3.txt  test5.txt  test7.txt  test9.txt
test2.txt   test4.txt  test6.txt  test8.txt

cheepati.reddy@BLD8CC9331MXK MINGW64 ~/assignments/training/demos
$ cat>test1.txt

cheepati.reddy@BLD8CC9331MXK MINGW64 ~/assignments/training/demos
$ ls
test1.txt   test2.txt  test4.txt  test6.txt  test8.txt
test10.txt  test3.txt  test5.txt  test7.txt  test9.txt

cheepati.reddy@BLD8CC9331MXK MINGW64 ~/assignments/training/demos
$ cat test2.txt
New data added into file

cheepati.reddy@BLD8CC9331MXK MINGW64 ~/assignments/training/demos
$ cat>test2.txt
appending new data


blank lines

end

cheepati.reddy@BLD8CC9331MXK MINGW64 ~/assignments/training/demos
$ cat test2.txt
appending new data


blank lines

end

cheepati.reddy@BLD8CC9331MXK MINGW64 ~/assignments/training/demos
$ cat -n test2.txt
     1  appending new data
     2
     3
     4  blank lines
     5
     6  end

cheepati.reddy@BLD8CC9331MXK MINGW64 ~/assignments/training/demos
$ ls
test1.txt   test2.txt  test4.txt  test6.txt  test8.txt
test10.txt  test3.txt  test5.txt  test7.txt  test9.txt

cheepati.reddy@BLD8CC9331MXK MINGW64 ~/assignments/training/demos
$ ls -a
./   test1.txt   test2.txt  test4.txt  test6.txt  test8.txt
../  test10.txt  test3.txt  test5.txt  test7.txt  test9.txt

cheepati.reddy@BLD8CC9331MXK MINGW64 ~/assignments/training/demos
$ ls -R
.:
test1.txt   test2.txt  test4.txt  test6.txt  test8.txt
test10.txt  test3.txt  test5.txt  test7.txt  test9.txt

cheepati.reddy@BLD8CC9331MXK MINGW64 ~/assignments/training/demos
$ ls -a
./   test1.txt   test2.txt  test4.txt  test6.txt  test8.txt
../  test10.txt  test3.txt  test5.txt  test7.txt  test9.txt

cheepati.reddy@BLD8CC9331MXK MINGW64 ~/assignments/training/demos
$ ls -l
total 1
-rw-r--r-- 1 cheepati.reddy 1049089  0 Mar 25 14:30 test1.txt
-rw-r--r-- 1 cheepati.reddy 1049089  0 Mar 25 14:28 test10.txt
-rw-r--r-- 1 cheepati.reddy 1049089 38 Mar 25 14:32 test2.txt
-rw-r--r-- 1 cheepati.reddy 1049089  0 Mar 25 14:28 test3.txt
-rw-r--r-- 1 cheepati.reddy 1049089  0 Mar 25 14:28 test4.txt
-rw-r--r-- 1 cheepati.reddy 1049089  0 Mar 25 14:28 test5.txt
-rw-r--r-- 1 cheepati.reddy 1049089  0 Mar 25 14:28 test6.txt
-rw-r--r-- 1 cheepati.reddy 1049089  0 Mar 25 14:28 test7.txt
-rw-r--r-- 1 cheepati.reddy 1049089  0 Mar 25 14:28 test8.txt
-rw-r--r-- 1 cheepati.reddy 1049089  0 Mar 25 14:28 test9.txt

cheepati.reddy@BLD8CC9331MXK MINGW64 ~/assignments/training/demos
$ ls assignments
ls: cannot access 'assignments': No such file or directory

cheepati.reddy@BLD8CC9331MXK MINGW64 ~/assignments/training/demos
$ ls /assignments
ls: cannot access '/assignments': No such file or directory

cheepati.reddy@BLD8CC9331MXK MINGW64 ~/assignments/training/demos
$ ls /
LICENSE.txt        cmd/  git-bash.exe*  proc/         unins001.exe*
ReleaseNotes.html  dev/  git-cmd.exe*   tmp/          unins001.msg
bin/               etc/  mingw64/       unins001.dat  usr/

cheepati.reddy@BLD8CC9331MXK MINGW64 ~/assignments/training/demos
$ ls -rR
.:
test9.txt  test7.txt  test5.txt  test3.txt  test10.txt
test8.txt  test6.txt  test4.txt  test2.txt  test1.txt

cheepati.reddy@BLD8CC9331MXK MINGW64 ~/assignments/training/demos
$ pwd
/c/Users/cheepati.reddy/assignments/training/demos

cheepati.reddy@BLD8CC9331MXK MINGW64 ~/assignments/training/demos
$ cd ../..

cheepati.reddy@BLD8CC9331MXK MINGW64 ~/assignments
$ cd ..

cheepati.reddy@BLD8CC9331MXK MINGW64 ~
$ rm -rv assignments
removed directory 'assignments/backend/java'
removed directory 'assignments/backend/spring'
removed directory 'assignments/backend'
removed directory 'assignments/frontend/angular'
removed directory 'assignments/frontend/react'
removed directory 'assignments/frontend'
removed 'assignments/training/demos/test1.txt'
removed 'assignments/training/demos/test10.txt'
removed 'assignments/training/demos/test2.txt'
removed 'assignments/training/demos/test3.txt'
removed 'assignments/training/demos/test4.txt'
removed 'assignments/training/demos/test5.txt'
removed 'assignments/training/demos/test6.txt'
removed 'assignments/training/demos/test7.txt'
removed 'assignments/training/demos/test8.txt'
removed 'assignments/training/demos/test9.txt'
removed directory 'assignments/training/demos'
removed 'assignments/training/trial1.txt'
removed 'assignments/training/trial2.txt'
removed 'assignments/training/trial3.txt'
removed directory 'assignments/training'
removed directory 'assignments'

cheepati.reddy@BLD8CC9331MXK MINGW64 ~
$ cd /c

cheepati.reddy@BLD8CC9331MXK MINGW64 /c
$ mkdir -p training/demos

cheepati.reddy@BLD8CC9331MXK MINGW64 /c
$ mkdir -p frontend/{react, angular}

cheepati.reddy@BLD8CC9331MXK MINGW64 /c
$ mkdir -p backend/{java, spring}

cheepati.reddy@BLD8CC9331MXK MINGW64 /c
$ ls
'$Recycle.Bin'/
'$WinREAgent'/
'Documents and Settings'@
 DumpStack.log
 DumpStack.log.tmp
 Intel/
 IntelOptaneData/
 MININT/
 PerfLogs/
'Program Files'/
'Program Files (x86)'/
 ProgramData/
 Recovery/
 StopProc.bat
'System Volume Information'/
'Training Room 3'/
 Users/
 VSCodeUserSetup-x64-1.86.2.exe*
 Windows/
 angular}/
 apache-tomcat-8.5.78/
 backend/
 frontend/
 hiberfil.sys
 installAgent.log
 pagefile.sys
 spring-tool-suite-4-4.15.1.RELEASE-e4.24.0-win32.win32.x86_64.self-extracting.jar
 spring}/
 struts-2.5.33-all.zip
 sts-4.15.1.RELEASE/
 swapfile.sys
 temp/
 training/

cheepati.reddy@BLD8CC9331MXK MINGW64 /c
$ cd training

cheepati.reddy@BLD8CC9331MXK MINGW64 /c/training
$ ls
demos/

cheepati.reddy@BLD8CC9331MXK MINGW64 /c/training
$ cd demos

cheepati.reddy@BLD8CC9331MXK MINGW64 /c/training/demos
$ ls

cheepati.reddy@BLD8CC9331MXK MINGW64 /c/training/demos
$ ls

cheepati.reddy@BLD8CC9331MXK MINGW64 /c/training/demos
$ ls

cheepati.reddy@BLD8CC9331MXK MINGW64 /c/training/demos
$ cd ../../..

cheepati.reddy@BLD8CC9331MXK MINGW64 /
$ ls
LICENSE.txt        cmd/  git-bash.exe*  proc/         unins001.exe*
ReleaseNotes.html  dev/  git-cmd.exe*   tmp/          unins001.msg
bin/               etc/  mingw64/       unins001.dat  usr/

cheepati.reddy@BLD8CC9331MXK MINGW64 /
$ cd assignments
bash: cd: assignments: No such file or directory

cheepati.reddy@BLD8CC9331MXK MINGW64 /
$ cd C:\Users\cheepati.reddy\assignments
bash: cd: C:Userscheepati.reddyassignments: No such file or directory

cheepati.reddy@BLD8CC9331MXK MINGW64 /
$ cd cheepati.reddy/assignments
bash: cd: cheepati.reddy/assignments: No such file or directory

cheepati.reddy@BLD8CC9331MXK MINGW64 /
$ pwd
/

cheepati.reddy@BLD8CC9331MXK MINGW64 /
$ cd c

cheepati.reddy@BLD8CC9331MXK MINGW64 /c
$ cd .

cheepati.reddy@BLD8CC9331MXK MINGW64 /c
$ cd ..

cheepati.reddy@BLD8CC9331MXK MINGW64 /
$
